  Determining projects to restore...
  All projects are up-to-date for restore.
C:\Program Files\dotnet\sdk\9.0.304\Microsoft.Common.CurrentVersion.targets(5394,5): warning MSB3026: Could not copy "D:\hoc tap\MedicineProject\backend\AuthService\obj\Debug\net8.0\apphost.exe" to "bin\Debug\net8.0\AuthService.exe". Beginning retry 1 in 1000ms. The process cannot access the file 'D:\hoc tap\MedicineProject\backend\AuthService\bin\Debug\net8.0\AuthService.exe' because it is being used by another process. The file is locked by: "AuthService (4148)" [D:\hoc tap\MedicineProject\backend\AuthService\AuthService.csproj]
C:\Program Files\dotnet\sdk\9.0.304\Microsoft.Common.CurrentVersion.targets(5394,5): warning MSB3026: Could not copy "D:\hoc tap\MedicineProject\backend\AuthService\obj\Debug\net8.0\apphost.exe" to "bin\Debug\net8.0\AuthService.exe". Beginning retry 2 in 1000ms. The process cannot access the file 'D:\hoc tap\MedicineProject\backend\AuthService\bin\Debug\net8.0\AuthService.exe' because it is being used by another process. The file is locked by: "AuthService (4148)" [D:\hoc tap\MedicineProject\backend\AuthService\AuthService.csproj]
C:\Program Files\dotnet\sdk\9.0.304\Microsoft.Common.CurrentVersion.targets(5394,5): warning MSB3026: Could not copy "D:\hoc tap\MedicineProject\backend\AuthService\obj\Debug\net8.0\apphost.exe" to "bin\Debug\net8.0\AuthService.exe". Beginning retry 3 in 1000ms. The process cannot access the file 'D:\hoc tap\MedicineProject\backend\AuthService\bin\Debug\net8.0\AuthService.exe' because it is being used by another process. The file is locked by: "AuthService (4148)" [D:\hoc tap\MedicineProject\backend\AuthService\AuthService.csproj]
C:\Program Files\dotnet\sdk\9.0.304\Microsoft.Common.CurrentVersion.targets(5394,5): warning MSB3026: Could not copy "D:\hoc tap\MedicineProject\backend\AuthService\obj\Debug\net8.0\apphost.exe" to "bin\Debug\net8.0\AuthService.exe". Beginning retry 4 in 1000ms. The process cannot access the file 'D:\hoc tap\MedicineProject\backend\AuthService\bin\Debug\net8.0\AuthService.exe' because it is being used by another process. The file is locked by: "AuthService (4148)" [D:\hoc tap\MedicineProject\backend\AuthService\AuthService.csproj]
C:\Program Files\dotnet\sdk\9.0.304\Microsoft.Common.CurrentVersion.targets(5394,5): warning MSB3026: Could not copy "D:\hoc tap\MedicineProject\backend\AuthService\obj\Debug\net8.0\apphost.exe" to "bin\Debug\net8.0\AuthService.exe". Beginning retry 5 in 1000ms. The process cannot access the file 'D:\hoc tap\MedicineProject\backend\AuthService\bin\Debug\net8.0\AuthService.exe' because it is being used by another process. The file is locked by: "AuthService (4148)" [D:\hoc tap\MedicineProject\backend\AuthService\AuthService.csproj]
C:\Program Files\dotnet\sdk\9.0.304\Microsoft.Common.CurrentVersion.targets(5394,5): warning MSB3026: Could not copy "D:\hoc tap\MedicineProject\backend\AuthService\obj\Debug\net8.0\apphost.exe" to "bin\Debug\net8.0\AuthService.exe". Beginning retry 6 in 1000ms. The process cannot access the file 'D:\hoc tap\MedicineProject\backend\AuthService\bin\Debug\net8.0\AuthService.exe' because it is being used by another process. The file is locked by: "AuthService (4148)" [D:\hoc tap\MedicineProject\backend\AuthService\AuthService.csproj]
C:\Program Files\dotnet\sdk\9.0.304\Microsoft.Common.CurrentVersion.targets(5394,5): warning MSB3026: Could not copy "D:\hoc tap\MedicineProject\backend\AuthService\obj\Debug\net8.0\apphost.exe" to "bin\Debug\net8.0\AuthService.exe". Beginning retry 7 in 1000ms. The process cannot access the file 'D:\hoc tap\MedicineProject\backend\AuthService\bin\Debug\net8.0\AuthService.exe' because it is being used by another process. The file is locked by: "AuthService (4148)" [D:\hoc tap\MedicineProject\backend\AuthService\AuthService.csproj]
C:\Program Files\dotnet\sdk\9.0.304\Microsoft.Common.CurrentVersion.targets(5394,5): warning MSB3026: Could not copy "D:\hoc tap\MedicineProject\backend\AuthService\obj\Debug\net8.0\apphost.exe" to "bin\Debug\net8.0\AuthService.exe". Beginning retry 8 in 1000ms. The process cannot access the file 'D:\hoc tap\MedicineProject\backend\AuthService\bin\Debug\net8.0\AuthService.exe' because it is being used by another process. The file is locked by: "AuthService (4148)" [D:\hoc tap\MedicineProject\backend\AuthService\AuthService.csproj]
C:\Program Files\dotnet\sdk\9.0.304\Microsoft.Common.CurrentVersion.targets(5394,5): warning MSB3026: Could not copy "D:\hoc tap\MedicineProject\backend\AuthService\obj\Debug\net8.0\apphost.exe" to "bin\Debug\net8.0\AuthService.exe". Beginning retry 9 in 1000ms. The process cannot access the file 'D:\hoc tap\MedicineProject\backend\AuthService\bin\Debug\net8.0\AuthService.exe' because it is being used by another process. The file is locked by: "AuthService (4148)" [D:\hoc tap\MedicineProject\backend\AuthService\AuthService.csproj]
C:\Program Files\dotnet\sdk\9.0.304\Microsoft.Common.CurrentVersion.targets(5394,5): warning MSB3026: Could not copy "D:\hoc tap\MedicineProject\backend\AuthService\obj\Debug\net8.0\apphost.exe" to "bin\Debug\net8.0\AuthService.exe". Beginning retry 10 in 1000ms. The process cannot access the file 'D:\hoc tap\MedicineProject\backend\AuthService\bin\Debug\net8.0\AuthService.exe' because it is being used by another process. The file is locked by: "AuthService (4148)" [D:\hoc tap\MedicineProject\backend\AuthService\AuthService.csproj]
C:\Program Files\dotnet\sdk\9.0.304\Microsoft.Common.CurrentVersion.targets(5394,5): error MSB3027: Could not copy "D:\hoc tap\MedicineProject\backend\AuthService\obj\Debug\net8.0\apphost.exe" to "bin\Debug\net8.0\AuthService.exe". Exceeded retry count of 10. Failed. The file is locked by: "AuthService (4148)" [D:\hoc tap\MedicineProject\backend\AuthService\AuthService.csproj]
C:\Program Files\dotnet\sdk\9.0.304\Microsoft.Common.CurrentVersion.targets(5394,5): error MSB3021: Unable to copy file "D:\hoc tap\MedicineProject\backend\AuthService\obj\Debug\net8.0\apphost.exe" to "bin\Debug\net8.0\AuthService.exe". The process cannot access the file 'D:\hoc tap\MedicineProject\backend\AuthService\bin\Debug\net8.0\AuthService.exe' because it is being used by another process. [D:\hoc tap\MedicineProject\backend\AuthService\AuthService.csproj]

Build FAILED.

C:\Program Files\dotnet\sdk\9.0.304\Microsoft.Common.CurrentVersion.targets(5394,5): warning MSB3026: Could not copy "D:\hoc tap\MedicineProject\backend\AuthService\obj\Debug\net8.0\apphost.exe" to "bin\Debug\net8.0\AuthService.exe". Beginning retry 1 in 1000ms. The process cannot access the file 'D:\hoc tap\MedicineProject\backend\AuthService\bin\Debug\net8.0\AuthService.exe' because it is being used by another process. The file is locked by: "AuthService (4148)" [D:\hoc tap\MedicineProject\backend\AuthService\AuthService.csproj]
C:\Program Files\dotnet\sdk\9.0.304\Microsoft.Common.CurrentVersion.targets(5394,5): warning MSB3026: Could not copy "D:\hoc tap\MedicineProject\backend\AuthService\obj\Debug\net8.0\apphost.exe" to "bin\Debug\net8.0\AuthService.exe". Beginning retry 2 in 1000ms. The process cannot access the file 'D:\hoc tap\MedicineProject\backend\AuthService\bin\Debug\net8.0\AuthService.exe' because it is being used by another process. The file is locked by: "AuthService (4148)" [D:\hoc tap\MedicineProject\backend\AuthService\AuthService.csproj]
C:\Program Files\dotnet\sdk\9.0.304\Microsoft.Common.CurrentVersion.targets(5394,5): warning MSB3026: Could not copy "D:\hoc tap\MedicineProject\backend\AuthService\obj\Debug\net8.0\apphost.exe" to "bin\Debug\net8.0\AuthService.exe". Beginning retry 3 in 1000ms. The process cannot access the file 'D:\hoc tap\MedicineProject\backend\AuthService\bin\Debug\net8.0\AuthService.exe' because it is being used by another process. The file is locked by: "AuthService (4148)" [D:\hoc tap\MedicineProject\backend\AuthService\AuthService.csproj]
C:\Program Files\dotnet\sdk\9.0.304\Microsoft.Common.CurrentVersion.targets(5394,5): warning MSB3026: Could not copy "D:\hoc tap\MedicineProject\backend\AuthService\obj\Debug\net8.0\apphost.exe" to "bin\Debug\net8.0\AuthService.exe". Beginning retry 4 in 1000ms. The process cannot access the file 'D:\hoc tap\MedicineProject\backend\AuthService\bin\Debug\net8.0\AuthService.exe' because it is being used by another process. The file is locked by: "AuthService (4148)" [D:\hoc tap\MedicineProject\backend\AuthService\AuthService.csproj]
C:\Program Files\dotnet\sdk\9.0.304\Microsoft.Common.CurrentVersion.targets(5394,5): warning MSB3026: Could not copy "D:\hoc tap\MedicineProject\backend\AuthService\obj\Debug\net8.0\apphost.exe" to "bin\Debug\net8.0\AuthService.exe". Beginning retry 5 in 1000ms. The process cannot access the file 'D:\hoc tap\MedicineProject\backend\AuthService\bin\Debug\net8.0\AuthService.exe' because it is being used by another process. The file is locked by: "AuthService (4148)" [D:\hoc tap\MedicineProject\backend\AuthService\AuthService.csproj]
C:\Program Files\dotnet\sdk\9.0.304\Microsoft.Common.CurrentVersion.targets(5394,5): warning MSB3026: Could not copy "D:\hoc tap\MedicineProject\backend\AuthService\obj\Debug\net8.0\apphost.exe" to "bin\Debug\net8.0\AuthService.exe". Beginning retry 6 in 1000ms. The process cannot access the file 'D:\hoc tap\MedicineProject\backend\AuthService\bin\Debug\net8.0\AuthService.exe' because it is being used by another process. The file is locked by: "AuthService (4148)" [D:\hoc tap\MedicineProject\backend\AuthService\AuthService.csproj]
C:\Program Files\dotnet\sdk\9.0.304\Microsoft.Common.CurrentVersion.targets(5394,5): warning MSB3026: Could not copy "D:\hoc tap\MedicineProject\backend\AuthService\obj\Debug\net8.0\apphost.exe" to "bin\Debug\net8.0\AuthService.exe". Beginning retry 7 in 1000ms. The process cannot access the file 'D:\hoc tap\MedicineProject\backend\AuthService\bin\Debug\net8.0\AuthService.exe' because it is being used by another process. The file is locked by: "AuthService (4148)" [D:\hoc tap\MedicineProject\backend\AuthService\AuthService.csproj]
C:\Program Files\dotnet\sdk\9.0.304\Microsoft.Common.CurrentVersion.targets(5394,5): warning MSB3026: Could not copy "D:\hoc tap\MedicineProject\backend\AuthService\obj\Debug\net8.0\apphost.exe" to "bin\Debug\net8.0\AuthService.exe". Beginning retry 8 in 1000ms. The process cannot access the file 'D:\hoc tap\MedicineProject\backend\AuthService\bin\Debug\net8.0\AuthService.exe' because it is being used by another process. The file is locked by: "AuthService (4148)" [D:\hoc tap\MedicineProject\backend\AuthService\AuthService.csproj]
C:\Program Files\dotnet\sdk\9.0.304\Microsoft.Common.CurrentVersion.targets(5394,5): warning MSB3026: Could not copy "D:\hoc tap\MedicineProject\backend\AuthService\obj\Debug\net8.0\apphost.exe" to "bin\Debug\net8.0\AuthService.exe". Beginning retry 9 in 1000ms. The process cannot access the file 'D:\hoc tap\MedicineProject\backend\AuthService\bin\Debug\net8.0\AuthService.exe' because it is being used by another process. The file is locked by: "AuthService (4148)" [D:\hoc tap\MedicineProject\backend\AuthService\AuthService.csproj]
C:\Program Files\dotnet\sdk\9.0.304\Microsoft.Common.CurrentVersion.targets(5394,5): warning MSB3026: Could not copy "D:\hoc tap\MedicineProject\backend\AuthService\obj\Debug\net8.0\apphost.exe" to "bin\Debug\net8.0\AuthService.exe". Beginning retry 10 in 1000ms. The process cannot access the file 'D:\hoc tap\MedicineProject\backend\AuthService\bin\Debug\net8.0\AuthService.exe' because it is being used by another process. The file is locked by: "AuthService (4148)" [D:\hoc tap\MedicineProject\backend\AuthService\AuthService.csproj]
C:\Program Files\dotnet\sdk\9.0.304\Microsoft.Common.CurrentVersion.targets(5394,5): error MSB3027: Could not copy "D:\hoc tap\MedicineProject\backend\AuthService\obj\Debug\net8.0\apphost.exe" to "bin\Debug\net8.0\AuthService.exe". Exceeded retry count of 10. Failed. The file is locked by: "AuthService (4148)" [D:\hoc tap\MedicineProject\backend\AuthService\AuthService.csproj]
C:\Program Files\dotnet\sdk\9.0.304\Microsoft.Common.CurrentVersion.targets(5394,5): error MSB3021: Unable to copy file "D:\hoc tap\MedicineProject\backend\AuthService\obj\Debug\net8.0\apphost.exe" to "bin\Debug\net8.0\AuthService.exe". The process cannot access the file 'D:\hoc tap\MedicineProject\backend\AuthService\bin\Debug\net8.0\AuthService.exe' because it is being used by another process. [D:\hoc tap\MedicineProject\backend\AuthService\AuthService.csproj]
    10 Warning(s)
    2 Error(s)

Time Elapsed 00:00:12.22

Workload updates are available. Run `dotnet workload list` for more information.
